I'm sorry, but errors were detected in your script. Please correct the
errors listed below, and try again.


File "game/script.rpy", line 13: Line with id 0167d7e5 appears twice. The other line is game/characters.rpy:3

Ren'Py Version: Ren'Py 8.3.2.24090902
Wed Nov  6 21:27:24 2024
